C:\Users\juanp\source\repos\Toy-Vision\tools\toy_model_export\export_toy_model.py:1: SyntaxWarning: invalid escape sequence '\.'
  """Export a YOLO-World detector specialized for toys to TFLite.
[toy-export] loading yolov8s-world (downloads on first run)…
Traceback (most recent call last):
[toy-export] fixing vocabulary to 33 toy classes…
  File "C:\Users\juanp\source\repos\Toy-Vision\tools\toy_model_export\export_toy_model.py", line 136, in <module>
    main()
  File "C:\Users\juanp\source\repos\Toy-Vision\tools\toy_model_export\export_toy_model.py", line 96, in main
    model.set_classes(PROMPTS)
  File "C:\Users\juanp\source\repos\Toy-Vision\tools\toy_model_export\.venv312\Lib\site-packages\ultralytics\models\yolo\model.py", line 188, in set_classes
    self.model.set_classes(classes)
  File "C:\Users\juanp\source\repos\Toy-Vision\tools\toy_model_export\.venv312\Lib\site-packages\ultralytics\nn\tasks.py", line 973, in set_classes
    self.txt_feats = self.get_text_pe(text, batch=batch, cache_clip_model=cache_clip_model)
                     ^^^^^^^^^^^^^^^^^^^^^^^^^^^^^^^^^^^^^^^^^^^^^^^^^^^^^^^^^^^^^^^^^^^^^^
  File "C:\Users\juanp\source\repos\Toy-Vision\tools\toy_model_export\.venv312\Lib\site-packages\ultralytics\nn\tasks.py", line 992, in get_text_pe
    self.clip_model = build_text_model("clip:ViT-B/32", device=device)
                      ^^^^^^^^^^^^^^^^^^^^^^^^^^^^^^^^^^^^^^^^^^^^^^^^
  File "C:\Users\juanp\source\repos\Toy-Vision\tools\toy_model_export\.venv312\Lib\site-packages\ultralytics\nn\text_model.py", line 354, in build_text_model
    return CLIP(size, device)
           ^^^^^^^^^^^^^^^^^^
  File "C:\Users\juanp\source\repos\Toy-Vision\tools\toy_model_export\.venv312\Lib\site-packages\ultralytics\nn\text_model.py", line 83, in __init__
    self.model, self.image_preprocess = clip.load(size, device=device)
                                        ^^^^^^^^^^^^^^^^^^^^^^^^^^^^^^
  File "C:\Users\juanp\source\repos\Toy-Vision\tools\toy_model_export\.venv312\Lib\site-packages\clip\clip.py", line 137, in load
    model_path = _download(_MODELS[name], download_root or os.path.expanduser("~/.cache/clip"))
                 ^^^^^^^^^^^^^^^^^^^^^^^^^^^^^^^^^^^^^^^^^^^^^^^^^^^^^^^^^^^^^^^^^^^^^^^^^^^^^^
  File "C:\Users\juanp\source\repos\Toy-Vision\tools\toy_model_export\.venv312\Lib\site-packages\clip\clip.py", line 61, in _download
    if hashlib.sha256(open(download_target, "rb").read()).hexdigest() == expected_sha256:
                      ^^^^^^^^^^^^^^^^^^^^^^^^^^^^^^^^^^
MemoryError
