Collecting ultralytics>=8.3.0
  Using cached ultralytics-8.4.60-py3-none-any.whl.metadata (41 kB)
Collecting tensorflow==2.19.0
  Downloading tensorflow-2.19.0-cp312-cp312-win_amd64.whl.metadata (4.1 kB)
Collecting tf_keras==2.19.0
  Downloading tf_keras-2.19.0-py3-none-any.whl.metadata (1.8 kB)
Collecting onnx>=1.15.0
  Using cached onnx-1.21.0-cp312-abi3-win_amd64.whl.metadata (8.7 kB)
Collecting onnxruntime>=1.17.0
  Downloading onnxruntime-1.26.0-cp312-cp312-win_amd64.whl.metadata (5.5 kB)
Collecting absl-py>=1.0.0 (from tensorflow==2.19.0)
  Using cached absl_py-2.4.0-py3-none-any.whl.metadata (3.3 kB)
Collecting astunparse>=1.6.0 (from tensorflow==2.19.0)
  Using cached astunparse-1.6.3-py2.py3-none-any.whl.metadata (4.4 kB)
Collecting flatbuffers>=24.3.25 (from tensorflow==2.19.0)
  Using cached flatbuffers-25.12.19-py2.py3-none-any.whl.metadata (1.0 kB)
Collecting gast!=0.5.0,!=0.5.1,!=0.5.2,>=0.2.1 (from tensorflow==2.19.0)
  Using cached gast-0.7.0-py3-none-any.whl.metadata (1.5 kB)
Collecting google-pasta>=0.1.1 (from tensorflow==2.19.0)
  Using cached google_pasta-0.2.0-py3-none-any.whl.metadata (814 bytes)
Collecting libclang>=13.0.0 (from tensorflow==2.19.0)
  Using cached libclang-18.1.1-py2.py3-none-win_amd64.whl.metadata (5.3 kB)
Collecting opt-einsum>=2.3.2 (from tensorflow==2.19.0)
  Using cached opt_einsum-3.4.0-py3-none-any.whl.metadata (6.3 kB)
Collecting packaging (from tensorflow==2.19.0)
  Using cached packaging-26.2-py3-none-any.whl.metadata (3.5 kB)
Collecting protobuf!=4.21.0,!=4.21.1,!=4.21.2,!=4.21.3,!=4.21.4,!=4.21.5,<6.0.0dev,>=3.20.3 (from tensorflow==2.19.0)
  Downloading protobuf-5.29.6-cp310-abi3-win_amd64.whl.metadata (592 bytes)
Collecting requests<3,>=2.21.0 (from tensorflow==2.19.0)
  Using cached requests-2.34.2-py3-none-any.whl.metadata (4.8 kB)
Collecting setuptools (from tensorflow==2.19.0)
  Using cached setuptools-82.0.1-py3-none-any.whl.metadata (6.5 kB)
Collecting six>=1.12.0 (from tensorflow==2.19.0)
  Using cached six-1.17.0-py2.py3-none-any.whl.metadata (1.7 kB)
Collecting termcolor>=1.1.0 (from tensorflow==2.19.0)
  Using cached termcolor-3.3.0-py3-none-any.whl.metadata (6.5 kB)
Collecting typing-extensions>=3.6.6 (from tensorflow==2.19.0)
  Using cached typing_extensions-4.15.0-py3-none-any.whl.metadata (3.3 kB)
Collecting wrapt>=1.11.0 (from tensorflow==2.19.0)
  Downloading wrapt-2.2.1-cp312-cp312-win_amd64.whl.metadata (7.6 kB)
Collecting grpcio<2.0,>=1.24.3 (from tensorflow==2.19.0)
  Downloading grpcio-1.81.0-cp312-cp312-win_amd64.whl.metadata (3.8 kB)
Collecting tensorboard~=2.19.0 (from tensorflow==2.19.0)
  Downloading tensorboard-2.19.0-py3-none-any.whl.metadata (1.8 kB)
Collecting keras>=3.5.0 (from tensorflow==2.19.0)
  Using cached keras-3.14.1-py3-none-any.whl.metadata (6.3 kB)
Collecting numpy<2.2.0,>=1.26.0 (from tensorflow==2.19.0)
  Downloading numpy-2.1.3-cp312-cp312-win_amd64.whl.metadata (60 kB)
Collecting h5py>=3.11.0 (from tensorflow==2.19.0)
  Downloading h5py-3.16.0-cp312-cp312-win_amd64.whl.metadata (3.1 kB)
Collecting ml-dtypes<1.0.0,>=0.5.1 (from tensorflow==2.19.0)
  Downloading ml_dtypes-0.5.4-cp312-cp312-win_amd64.whl.metadata (9.2 kB)
Collecting charset_normalizer<4,>=2 (from requests<3,>=2.21.0->tensorflow==2.19.0)
  Downloading charset_normalizer-3.4.7-cp312-cp312-win_amd64.whl.metadata (41 kB)
Collecting idna<4,>=2.5 (from requests<3,>=2.21.0->tensorflow==2.19.0)
  Using cached idna-3.18-py3-none-any.whl.metadata (6.1 kB)
Collecting urllib3<3,>=1.26 (from requests<3,>=2.21.0->tensorflow==2.19.0)
  Using cached urllib3-2.7.0-py3-none-any.whl.metadata (6.9 kB)
Collecting certifi>=2023.5.7 (from requests<3,>=2.21.0->tensorflow==2.19.0)
  Using cached certifi-2026.5.20-py3-none-any.whl.metadata (2.5 kB)
Collecting markdown>=2.6.8 (from tensorboard~=2.19.0->tensorflow==2.19.0)
  Downloading markdown-3.10.2-py3-none-any.whl.metadata (5.1 kB)
Collecting tensorboard-data-server<0.8.0,>=0.7.0 (from tensorboard~=2.19.0->tensorflow==2.19.0)
  Downloading tensorboard_data_server-0.7.2-py3-none-any.whl.metadata (1.1 kB)
Collecting werkzeug>=1.0.1 (from tensorboard~=2.19.0->tensorflow==2.19.0)
  Downloading werkzeug-3.1.8-py3-none-any.whl.metadata (4.0 kB)
Collecting matplotlib>=3.3.0 (from ultralytics>=8.3.0)
  Downloading matplotlib-3.10.9-cp312-cp312-win_amd64.whl.metadata (52 kB)
Collecting opencv-python>=4.6.0 (from ultralytics>=8.3.0)
  Using cached opencv_python-4.13.0.92-cp37-abi3-win_amd64.whl.metadata (20 kB)
Collecting pillow>=7.1.2 (from ultralytics>=8.3.0)
  Downloading pillow-12.2.0-cp312-cp312-win_amd64.whl.metadata (9.0 kB)
Collecting pyyaml>=5.3.1 (from ultralytics>=8.3.0)
  Downloading pyyaml-6.0.3-cp312-cp312-win_amd64.whl.metadata (2.4 kB)
Collecting scipy>=1.4.1 (from ultralytics>=8.3.0)
  Downloading scipy-1.17.1-cp312-cp312-win_amd64.whl.metadata (60 kB)
Collecting torch>=1.8.0 (from ultralytics>=8.3.0)
  Downloading torch-2.12.0-cp312-cp312-win_amd64.whl.metadata (31 kB)
Collecting torchvision>=0.9.0 (from ultralytics>=8.3.0)
  Downloading torchvision-0.27.0-cp312-cp312-win_amd64.whl.metadata (5.5 kB)
Collecting psutil>=5.8.0 (from ultralytics>=8.3.0)
  Using cached psutil-7.2.2-cp37-abi3-win_amd64.whl.metadata (22 kB)
Collecting polars>=0.20.0 (from ultralytics>=8.3.0)
  Using cached polars-1.41.2-py3-none-any.whl.metadata (10 kB)
Collecting ultralytics-thop>=2.0.18 (from ultralytics>=8.3.0)
  Using cached ultralytics_thop-2.0.19-py3-none-any.whl.metadata (14 kB)
Collecting wheel<1.0,>=0.23.0 (from astunparse>=1.6.0->tensorflow==2.19.0)
  Using cached wheel-0.47.0-py3-none-any.whl.metadata (2.3 kB)
Collecting rich (from keras>=3.5.0->tensorflow==2.19.0)
  Using cached rich-15.0.0-py3-none-any.whl.metadata (18 kB)
Collecting namex (from keras>=3.5.0->tensorflow==2.19.0)
  Using cached namex-0.1.0-py3-none-any.whl.metadata (322 bytes)
Collecting optree (from keras>=3.5.0->tensorflow==2.19.0)
  Downloading optree-0.19.1-cp312-cp312-win_amd64.whl.metadata (32 kB)
Collecting contourpy>=1.0.1 (from matplotlib>=3.3.0->ultralytics>=8.3.0)
  Downloading contourpy-1.3.3-cp312-cp312-win_amd64.whl.metadata (5.5 kB)
Collecting cycler>=0.10 (from matplotlib>=3.3.0->ultralytics>=8.3.0)
  Using cached cycler-0.12.1-py3-none-any.whl.metadata (3.8 kB)
Collecting fonttools>=4.22.0 (from matplotlib>=3.3.0->ultralytics>=8.3.0)
  Downloading fonttools-4.63.0-cp312-cp312-win_amd64.whl.metadata (121 kB)
Collecting kiwisolver>=1.3.1 (from matplotlib>=3.3.0->ultralytics>=8.3.0)
  Downloading kiwisolver-1.5.0-cp312-cp312-win_amd64.whl.metadata (5.2 kB)
Collecting pyparsing>=3 (from matplotlib>=3.3.0->ultralytics>=8.3.0)
  Using cached pyparsing-3.3.2-py3-none-any.whl.metadata (5.8 kB)
Collecting python-dateutil>=2.7 (from matplotlib>=3.3.0->ultralytics>=8.3.0)
  Using cached python_dateutil-2.9.0.post0-py2.py3-none-any.whl.metadata (8.4 kB)
Collecting polars-runtime-32==1.41.2 (from polars>=0.20.0->ultralytics>=8.3.0)
  Using cached polars_runtime_32-1.41.2-cp310-abi3-win_amd64.whl.metadata (1.5 kB)
Collecting filelock (from torch>=1.8.0->ultralytics>=8.3.0)
  Using cached filelock-3.29.0-py3-none-any.whl.metadata (2.0 kB)
Collecting setuptools (from tensorflow==2.19.0)
  Using cached setuptools-81.0.0-py3-none-any.whl.metadata (6.6 kB)
Collecting sympy>=1.13.3 (from torch>=1.8.0->ultralytics>=8.3.0)
  Using cached sympy-1.14.0-py3-none-any.whl.metadata (12 kB)
Collecting networkx>=2.5.1 (from torch>=1.8.0->ultralytics>=8.3.0)
  Using cached networkx-3.6.1-py3-none-any.whl.metadata (6.8 kB)
Collecting jinja2 (from torch>=1.8.0->ultralytics>=8.3.0)
  Using cached jinja2-3.1.6-py3-none-any.whl.metadata (2.9 kB)
Collecting fsspec>=0.8.5 (from torch>=1.8.0->ultralytics>=8.3.0)
  Using cached fsspec-2026.4.0-py3-none-any.whl.metadata (10 kB)
Collecting mpmath<1.4,>=1.1.0 (from sympy>=1.13.3->torch>=1.8.0->ultralytics>=8.3.0)
  Using cached mpmath-1.3.0-py3-none-any.whl.metadata (8.6 kB)
Collecting markupsafe>=2.1.1 (from werkzeug>=1.0.1->tensorboard~=2.19.0->tensorflow==2.19.0)
  Using cached markupsafe-3.0.3-cp312-cp312-win_amd64.whl.metadata (2.8 kB)
Collecting markdown-it-py>=2.2.0 (from rich->keras>=3.5.0->tensorflow==2.19.0)
  Using cached markdown_it_py-4.2.0-py3-none-any.whl.metadata (7.4 kB)
Collecting pygments<3.0.0,>=2.13.0 (from rich->keras>=3.5.0->tensorflow==2.19.0)
  Using cached pygments-2.20.0-py3-none-any.whl.metadata (2.5 kB)
Collecting mdurl~=0.1 (from markdown-it-py>=2.2.0->rich->keras>=3.5.0->tensorflow==2.19.0)
  Using cached mdurl-0.1.2-py3-none-any.whl.metadata (1.6 kB)
Downloading tensorflow-2.19.0-cp312-cp312-win_amd64.whl (376.0 MB)
   ---------------------------------------- 376.0/376.0 MB 35.1 MB/s  0:00:09
Downloading tf_keras-2.19.0-py3-none-any.whl (1.7 MB)
   ---------------------------------------- 1.7/1.7 MB 10.4 MB/s  0:00:00
Downloading grpcio-1.81.0-cp312-cp312-win_amd64.whl (4.9 MB)
   ---------------------------------------- 4.9/4.9 MB 42.4 MB/s  0:00:00
Downloading ml_dtypes-0.5.4-cp312-cp312-win_amd64.whl (212 kB)
Downloading numpy-2.1.3-cp312-cp312-win_amd64.whl (12.6 MB)
   ---------------------------------------- 12.6/12.6 MB 27.2 MB/s  0:00:00
Downloading protobuf-5.29.6-cp310-abi3-win_amd64.whl (435 kB)
Using cached requests-2.34.2-py3-none-any.whl (73 kB)
Downloading charset_normalizer-3.4.7-cp312-cp312-win_amd64.whl (159 kB)
Using cached idna-3.18-py3-none-any.whl (65 kB)
Downloading tensorboard-2.19.0-py3-none-any.whl (5.5 MB)
   ---------------------------------------- 5.5/5.5 MB 30.5 MB/s  0:00:00
Downloading tensorboard_data_server-0.7.2-py3-none-any.whl (2.4 kB)
Using cached typing_extensions-4.15.0-py3-none-any.whl (44 kB)
Using cached urllib3-2.7.0-py3-none-any.whl (131 kB)
Using cached ultralytics-8.4.60-py3-none-any.whl (1.3 MB)
Using cached onnx-1.21.0-cp312-abi3-win_amd64.whl (16.4 MB)
Downloading onnxruntime-1.26.0-cp312-cp312-win_amd64.whl (13.0 MB)
   ---------------------------------------- 13.0/13.0 MB 37.1 MB/s  0:00:00
Using cached absl_py-2.4.0-py3-none-any.whl (135 kB)
Using cached astunparse-1.6.3-py2.py3-none-any.whl (12 kB)
Using cached six-1.17.0-py2.py3-none-any.whl (11 kB)
Using cached wheel-0.47.0-py3-none-any.whl (32 kB)
Using cached certifi-2026.5.20-py3-none-any.whl (134 kB)
Using cached flatbuffers-25.12.19-py2.py3-none-any.whl (26 kB)
Using cached gast-0.7.0-py3-none-any.whl (22 kB)
Using cached google_pasta-0.2.0-py3-none-any.whl (57 kB)
Downloading h5py-3.16.0-cp312-cp312-win_amd64.whl (3.2 MB)
   ---------------------------------------- 3.2/3.2 MB 46.4 MB/s  0:00:00
Using cached keras-3.14.1-py3-none-any.whl (1.6 MB)
Using cached libclang-18.1.1-py2.py3-none-win_amd64.whl (26.4 MB)
Downloading markdown-3.10.2-py3-none-any.whl (108 kB)
Downloading matplotlib-3.10.9-cp312-cp312-win_amd64.whl (8.2 MB)
   ---------------------------------------- 8.2/8.2 MB 31.8 MB/s  0:00:00
Downloading contourpy-1.3.3-cp312-cp312-win_amd64.whl (226 kB)
Using cached cycler-0.12.1-py3-none-any.whl (8.3 kB)
Downloading fonttools-4.63.0-cp312-cp312-win_amd64.whl (2.3 MB)
   ---------------------------------------- 2.3/2.3 MB 22.1 MB/s  0:00:00
Downloading kiwisolver-1.5.0-cp312-cp312-win_amd64.whl (73 kB)
Using cached opencv_python-4.13.0.92-cp37-abi3-win_amd64.whl (40.2 MB)
Using cached opt_einsum-3.4.0-py3-none-any.whl (71 kB)
Using cached packaging-26.2-py3-none-any.whl (100 kB)
Downloading pillow-12.2.0-cp312-cp312-win_amd64.whl (7.1 MB)
   ---------------------------------------- 7.1/7.1 MB 27.3 MB/s  0:00:00
Using cached polars-1.41.2-py3-none-any.whl (833 kB)
Using cached polars_runtime_32-1.41.2-cp310-abi3-win_amd64.whl (52.0 MB)
Using cached psutil-7.2.2-cp37-abi3-win_amd64.whl (137 kB)
Using cached pyparsing-3.3.2-py3-none-any.whl (122 kB)
Using cached python_dateutil-2.9.0.post0-py2.py3-none-any.whl (229 kB)
Downloading pyyaml-6.0.3-cp312-cp312-win_amd64.whl (154 kB)
Downloading scipy-1.17.1-cp312-cp312-win_amd64.whl (36.5 MB)
   ---------------------------------------- 36.5/36.5 MB 38.1 MB/s  0:00:00
Using cached termcolor-3.3.0-py3-none-any.whl (7.7 kB)
Downloading torch-2.12.0-cp312-cp312-win_amd64.whl (123.0 MB)
   ---------------------------------------- 123.0/123.0 MB 49.4 MB/s  0:00:02
Using cached setuptools-81.0.0-py3-none-any.whl (1.1 MB)
Using cached fsspec-2026.4.0-py3-none-any.whl (203 kB)
Using cached networkx-3.6.1-py3-none-any.whl (2.1 MB)
Using cached sympy-1.14.0-py3-none-any.whl (6.3 MB)
Using cached mpmath-1.3.0-py3-none-any.whl (536 kB)
Downloading torchvision-0.27.0-cp312-cp312-win_amd64.whl (4.0 MB)
   ---------------------------------------- 4.0/4.0 MB 40.0 MB/s  0:00:00
Using cached ultralytics_thop-2.0.19-py3-none-any.whl (28 kB)
Downloading werkzeug-3.1.8-py3-none-any.whl (226 kB)
Using cached markupsafe-3.0.3-cp312-cp312-win_amd64.whl (15 kB)
Downloading wrapt-2.2.1-cp312-cp312-win_amd64.whl (80 kB)
Using cached filelock-3.29.0-py3-none-any.whl (39 kB)
Using cached jinja2-3.1.6-py3-none-any.whl (134 kB)
Using cached namex-0.1.0-py3-none-any.whl (5.9 kB)
Downloading optree-0.19.1-cp312-cp312-win_amd64.whl (341 kB)
Using cached rich-15.0.0-py3-none-any.whl (310 kB)
Using cached pygments-2.20.0-py3-none-any.whl (1.2 MB)
Using cached markdown_it_py-4.2.0-py3-none-any.whl (91 kB)
Using cached mdurl-0.1.2-py3-none-any.whl (10.0 kB)
Installing collected packages: namex, mpmath, libclang, flatbuffers, wrapt, urllib3, typing-extensions, termcolor, tensorboard-data-server, sympy, six, setuptools, pyyaml, pyparsing, pygments, psutil, protobuf, polars-runtime-32, pillow, packaging, opt-einsum, numpy, networkx, mdurl, markupsafe, markdown, kiwisolver, idna, gast, fsspec, fonttools, filelock, cycler, charset_normalizer, certifi, absl-py, wheel, werkzeug, scipy, requests, python-dateutil, polars, optree, opencv-python, onnxruntime, ml-dtypes, markdown-it-py, jinja2, h5py, grpcio, google-pasta, contourpy, torch, tensorboard, rich, onnx, matplotlib, astunparse, ultralytics-thop, torchvision, keras, ultralytics, tensorflow, tf_keras
