Collecting ultralytics>=8.3.0 (from -r tools\toy_model_export\requirements.txt (line 5))
  Downloading ultralytics-8.4.60-py3-none-any.whl.metadata (41 kB)
Collecting tensorflow>=2.13.0 (from -r tools\toy_model_export\requirements.txt (line 8))
  Downloading tensorflow-2.21.0-cp313-cp313-win_amd64.whl.metadata (4.5 kB)
Collecting onnx>=1.15.0 (from -r tools\toy_model_export\requirements.txt (line 11))
  Downloading onnx-1.21.0-cp312-abi3-win_amd64.whl.metadata (8.7 kB)
Collecting onnxruntime>=1.17.0 (from -r tools\toy_model_export\requirements.txt (line 12))
  Using cached onnxruntime-1.26.0-cp313-cp313-win_amd64.whl.metadata (5.5 kB)
Collecting numpy>=1.23.0 (from ultralytics>=8.3.0->-r tools\toy_model_export\requirements.txt (line 5))
  Using cached numpy-2.4.6-cp313-cp313-win_amd64.whl.metadata (6.6 kB)
Collecting matplotlib>=3.3.0 (from ultralytics>=8.3.0->-r tools\toy_model_export\requirements.txt (line 5))
  Using cached matplotlib-3.10.9-cp313-cp313-win_amd64.whl.metadata (52 kB)
Collecting opencv-python>=4.6.0 (from ultralytics>=8.3.0->-r tools\toy_model_export\requirements.txt (line 5))
  Using cached opencv_python-4.13.0.92-cp37-abi3-win_amd64.whl.metadata (20 kB)
Collecting pillow>=7.1.2 (from ultralytics>=8.3.0->-r tools\toy_model_export\requirements.txt (line 5))
  Using cached pillow-12.2.0-cp313-cp313-win_amd64.whl.metadata (9.0 kB)
Collecting pyyaml>=5.3.1 (from ultralytics>=8.3.0->-r tools\toy_model_export\requirements.txt (line 5))
  Using cached pyyaml-6.0.3-cp313-cp313-win_amd64.whl.metadata (2.4 kB)
Collecting requests>=2.23.0 (from ultralytics>=8.3.0->-r tools\toy_model_export\requirements.txt (line 5))
  Using cached requests-2.34.2-py3-none-any.whl.metadata (4.8 kB)
Collecting scipy>=1.4.1 (from ultralytics>=8.3.0->-r tools\toy_model_export\requirements.txt (line 5))
  Using cached scipy-1.17.1-cp313-cp313-win_amd64.whl.metadata (60 kB)
Collecting torch>=1.8.0 (from ultralytics>=8.3.0->-r tools\toy_model_export\requirements.txt (line 5))
  Using cached torch-2.12.0-cp313-cp313-win_amd64.whl.metadata (31 kB)
Collecting torchvision>=0.9.0 (from ultralytics>=8.3.0->-r tools\toy_model_export\requirements.txt (line 5))
  Using cached torchvision-0.27.0-cp313-cp313-win_amd64.whl.metadata (5.5 kB)
Collecting psutil>=5.8.0 (from ultralytics>=8.3.0->-r tools\toy_model_export\requirements.txt (line 5))
  Using cached psutil-7.2.2-cp37-abi3-win_amd64.whl.metadata (22 kB)
Collecting polars>=0.20.0 (from ultralytics>=8.3.0->-r tools\toy_model_export\requirements.txt (line 5))
  Using cached polars-1.41.2-py3-none-any.whl.metadata (10 kB)
Collecting ultralytics-thop>=2.0.18 (from ultralytics>=8.3.0->-r tools\toy_model_export\requirements.txt (line 5))
  Using cached ultralytics_thop-2.0.19-py3-none-any.whl.metadata (14 kB)
Collecting absl-py>=1.0.0 (from tensorflow>=2.13.0->-r tools\toy_model_export\requirements.txt (line 8))
  Downloading absl_py-2.4.0-py3-none-any.whl.metadata (3.3 kB)
Collecting astunparse>=1.6.0 (from tensorflow>=2.13.0->-r tools\toy_model_export\requirements.txt (line 8))
  Downloading astunparse-1.6.3-py2.py3-none-any.whl.metadata (4.4 kB)
Collecting flatbuffers>=25.9.23 (from tensorflow>=2.13.0->-r tools\toy_model_export\requirements.txt (line 8))
  Using cached flatbuffers-25.12.19-py2.py3-none-any.whl.metadata (1.0 kB)
Collecting gast!=0.5.0,!=0.5.1,!=0.5.2,>=0.2.1 (from tensorflow>=2.13.0->-r tools\toy_model_export\requirements.txt (line 8))
  Downloading gast-0.7.0-py3-none-any.whl.metadata (1.5 kB)
Collecting google_pasta>=0.1.1 (from tensorflow>=2.13.0->-r tools\toy_model_export\requirements.txt (line 8))
  Downloading google_pasta-0.2.0-py3-none-any.whl.metadata (814 bytes)
Collecting libclang>=13.0.0 (from tensorflow>=2.13.0->-r tools\toy_model_export\requirements.txt (line 8))
  Downloading libclang-18.1.1-py2.py3-none-win_amd64.whl.metadata (5.3 kB)
Collecting opt_einsum>=2.3.2 (from tensorflow>=2.13.0->-r tools\toy_model_export\requirements.txt (line 8))
  Downloading opt_einsum-3.4.0-py3-none-any.whl.metadata (6.3 kB)
Collecting packaging (from tensorflow>=2.13.0->-r tools\toy_model_export\requirements.txt (line 8))
  Using cached packaging-26.2-py3-none-any.whl.metadata (3.5 kB)
Collecting protobuf<8.0.0,>=6.31.1 (from tensorflow>=2.13.0->-r tools\toy_model_export\requirements.txt (line 8))
  Using cached protobuf-7.35.0-cp310-abi3-win_amd64.whl.metadata (595 bytes)
Collecting setuptools (from tensorflow>=2.13.0->-r tools\toy_model_export\requirements.txt (line 8))
  Downloading setuptools-82.0.1-py3-none-any.whl.metadata (6.5 kB)
Collecting six>=1.12.0 (from tensorflow>=2.13.0->-r tools\toy_model_export\requirements.txt (line 8))
  Using cached six-1.17.0-py2.py3-none-any.whl.metadata (1.7 kB)
Collecting termcolor>=1.1.0 (from tensorflow>=2.13.0->-r tools\toy_model_export\requirements.txt (line 8))
  Downloading termcolor-3.3.0-py3-none-any.whl.metadata (6.5 kB)
Collecting typing_extensions>=3.6.6 (from tensorflow>=2.13.0->-r tools\toy_model_export\requirements.txt (line 8))
  Using cached typing_extensions-4.15.0-py3-none-any.whl.metadata (3.3 kB)
Collecting wrapt>=1.11.0 (from tensorflow>=2.13.0->-r tools\toy_model_export\requirements.txt (line 8))
  Downloading wrapt-2.2.1-cp313-cp313-win_amd64.whl.metadata (7.6 kB)
Collecting grpcio<2.0,>=1.24.3 (from tensorflow>=2.13.0->-r tools\toy_model_export\requirements.txt (line 8))
  Downloading grpcio-1.81.0-cp313-cp313-win_amd64.whl.metadata (3.8 kB)
Collecting keras>=3.12.0 (from tensorflow>=2.13.0->-r tools\toy_model_export\requirements.txt (line 8))
  Downloading keras-3.14.1-py3-none-any.whl.metadata (6.3 kB)
Collecting h5py<3.15.0,>=3.11.0 (from tensorflow>=2.13.0->-r tools\toy_model_export\requirements.txt (line 8))
  Downloading h5py-3.14.0-cp313-cp313-win_amd64.whl.metadata (2.7 kB)
Collecting ml_dtypes<1.0.0,>=0.5.1 (from tensorflow>=2.13.0->-r tools\toy_model_export\requirements.txt (line 8))
  Downloading ml_dtypes-0.5.4-cp313-cp313-win_amd64.whl.metadata (9.2 kB)
Collecting charset_normalizer<4,>=2 (from requests>=2.23.0->ultralytics>=8.3.0->-r tools\toy_model_export\requirements.txt (line 5))
  Using cached charset_normalizer-3.4.7-cp313-cp313-win_amd64.whl.metadata (41 kB)
Collecting idna<4,>=2.5 (from requests>=2.23.0->ultralytics>=8.3.0->-r tools\toy_model_export\requirements.txt (line 5))
  Downloading idna-3.18-py3-none-any.whl.metadata (6.1 kB)
Collecting urllib3<3,>=1.26 (from requests>=2.23.0->ultralytics>=8.3.0->-r tools\toy_model_export\requirements.txt (line 5))
  Using cached urllib3-2.7.0-py3-none-any.whl.metadata (6.9 kB)
Collecting certifi>=2023.5.7 (from requests>=2.23.0->ultralytics>=8.3.0->-r tools\toy_model_export\requirements.txt (line 5))
  Using cached certifi-2026.5.20-py3-none-any.whl.metadata (2.5 kB)
Collecting wheel<1.0,>=0.23.0 (from astunparse>=1.6.0->tensorflow>=2.13.0->-r tools\toy_model_export\requirements.txt (line 8))
  Downloading wheel-0.47.0-py3-none-any.whl.metadata (2.3 kB)
Collecting rich (from keras>=3.12.0->tensorflow>=2.13.0->-r tools\toy_model_export\requirements.txt (line 8))
  Using cached rich-15.0.0-py3-none-any.whl.metadata (18 kB)
Collecting namex (from keras>=3.12.0->tensorflow>=2.13.0->-r tools\toy_model_export\requirements.txt (line 8))
  Downloading namex-0.1.0-py3-none-any.whl.metadata (322 bytes)
Collecting optree (from keras>=3.12.0->tensorflow>=2.13.0->-r tools\toy_model_export\requirements.txt (line 8))
  Downloading optree-0.19.1-cp313-cp313-win_amd64.whl.metadata (32 kB)
Collecting contourpy>=1.0.1 (from matplotlib>=3.3.0->ultralytics>=8.3.0->-r tools\toy_model_export\requirements.txt (line 5))
  Using cached contourpy-1.3.3-cp313-cp313-win_amd64.whl.metadata (5.5 kB)
Collecting cycler>=0.10 (from matplotlib>=3.3.0->ultralytics>=8.3.0->-r tools\toy_model_export\requirements.txt (line 5))
  Using cached cycler-0.12.1-py3-none-any.whl.metadata (3.8 kB)
Collecting fonttools>=4.22.0 (from matplotlib>=3.3.0->ultralytics>=8.3.0->-r tools\toy_model_export\requirements.txt (line 5))
  Using cached fonttools-4.63.0-cp313-cp313-win_amd64.whl.metadata (121 kB)
Collecting kiwisolver>=1.3.1 (from matplotlib>=3.3.0->ultralytics>=8.3.0->-r tools\toy_model_export\requirements.txt (line 5))
  Using cached kiwisolver-1.5.0-cp313-cp313-win_amd64.whl.metadata (5.2 kB)
Collecting pyparsing>=3 (from matplotlib>=3.3.0->ultralytics>=8.3.0->-r tools\toy_model_export\requirements.txt (line 5))
  Using cached pyparsing-3.3.2-py3-none-any.whl.metadata (5.8 kB)
Collecting python-dateutil>=2.7 (from matplotlib>=3.3.0->ultralytics>=8.3.0->-r tools\toy_model_export\requirements.txt (line 5))
  Using cached python_dateutil-2.9.0.post0-py2.py3-none-any.whl.metadata (8.4 kB)
Collecting polars-runtime-32==1.41.2 (from polars>=0.20.0->ultralytics>=8.3.0->-r tools\toy_model_export\requirements.txt (line 5))
  Using cached polars_runtime_32-1.41.2-cp310-abi3-win_amd64.whl.metadata (1.5 kB)
Collecting filelock (from torch>=1.8.0->ultralytics>=8.3.0->-r tools\toy_model_export\requirements.txt (line 5))
  Using cached filelock-3.29.0-py3-none-any.whl.metadata (2.0 kB)
Collecting setuptools (from tensorflow>=2.13.0->-r tools\toy_model_export\requirements.txt (line 8))
  Using cached setuptools-81.0.0-py3-none-any.whl.metadata (6.6 kB)
Collecting sympy>=1.13.3 (from torch>=1.8.0->ultralytics>=8.3.0->-r tools\toy_model_export\requirements.txt (line 5))
  Using cached sympy-1.14.0-py3-none-any.whl.metadata (12 kB)
Collecting networkx>=2.5.1 (from torch>=1.8.0->ultralytics>=8.3.0->-r tools\toy_model_export\requirements.txt (line 5))
  Using cached networkx-3.6.1-py3-none-any.whl.metadata (6.8 kB)
Collecting jinja2 (from torch>=1.8.0->ultralytics>=8.3.0->-r tools\toy_model_export\requirements.txt (line 5))
  Using cached jinja2-3.1.6-py3-none-any.whl.metadata (2.9 kB)
Collecting fsspec>=0.8.5 (from torch>=1.8.0->ultralytics>=8.3.0->-r tools\toy_model_export\requirements.txt (line 5))
  Using cached fsspec-2026.4.0-py3-none-any.whl.metadata (10 kB)
Collecting mpmath<1.4,>=1.1.0 (from sympy>=1.13.3->torch>=1.8.0->ultralytics>=8.3.0->-r tools\toy_model_export\requirements.txt (line 5))
  Using cached mpmath-1.3.0-py3-none-any.whl.metadata (8.6 kB)
Collecting MarkupSafe>=2.0 (from jinja2->torch>=1.8.0->ultralytics>=8.3.0->-r tools\toy_model_export\requirements.txt (line 5))
  Using cached markupsafe-3.0.3-cp313-cp313-win_amd64.whl.metadata (2.8 kB)
Collecting markdown-it-py>=2.2.0 (from rich->keras>=3.12.0->tensorflow>=2.13.0->-r tools\toy_model_export\requirements.txt (line 8))
  Using cached markdown_it_py-4.2.0-py3-none-any.whl.metadata (7.4 kB)
Collecting pygments<3.0.0,>=2.13.0 (from rich->keras>=3.12.0->tensorflow>=2.13.0->-r tools\toy_model_export\requirements.txt (line 8))
  Downloading pygments-2.20.0-py3-none-any.whl.metadata (2.5 kB)
Collecting mdurl~=0.1 (from markdown-it-py>=2.2.0->rich->keras>=3.12.0->tensorflow>=2.13.0->-r tools\toy_model_export\requirements.txt (line 8))
  Using cached mdurl-0.1.2-py3-none-any.whl.metadata (1.6 kB)
Downloading ultralytics-8.4.60-py3-none-any.whl (1.3 MB)
   ---------------------------------------- 1.3/1.3 MB 7.5 MB/s  0:00:00
Downloading tensorflow-2.21.0-cp313-cp313-win_amd64.whl (351.2 MB)
   ---------------------------------------- 351.2/351.2 MB 29.7 MB/s  0:00:10
Downloading grpcio-1.81.0-cp313-cp313-win_amd64.whl (4.9 MB)
   ---------------------------------------- 4.9/4.9 MB 34.4 MB/s  0:00:00
Downloading h5py-3.14.0-cp313-cp313-win_amd64.whl (2.9 MB)
   ---------------------------------------- 2.9/2.9 MB 34.2 MB/s  0:00:00
Downloading ml_dtypes-0.5.4-cp313-cp313-win_amd64.whl (212 kB)
Using cached protobuf-7.35.0-cp310-abi3-win_amd64.whl (439 kB)
Using cached requests-2.34.2-py3-none-any.whl (73 kB)
Using cached charset_normalizer-3.4.7-cp313-cp313-win_amd64.whl (158 kB)
Downloading idna-3.18-py3-none-any.whl (65 kB)
Using cached typing_extensions-4.15.0-py3-none-any.whl (44 kB)
Using cached urllib3-2.7.0-py3-none-any.whl (131 kB)
Downloading onnx-1.21.0-cp312-abi3-win_amd64.whl (16.4 MB)
   ---------------------------------------- 16.4/16.4 MB 36.1 MB/s  0:00:00
Using cached onnxruntime-1.26.0-cp313-cp313-win_amd64.whl (13.0 MB)
Downloading absl_py-2.4.0-py3-none-any.whl (135 kB)
Downloading astunparse-1.6.3-py2.py3-none-any.whl (12 kB)
Using cached six-1.17.0-py2.py3-none-any.whl (11 kB)
Downloading wheel-0.47.0-py3-none-any.whl (32 kB)
Using cached certifi-2026.5.20-py3-none-any.whl (134 kB)
Using cached flatbuffers-25.12.19-py2.py3-none-any.whl (26 kB)
Downloading gast-0.7.0-py3-none-any.whl (22 kB)
Downloading google_pasta-0.2.0-py3-none-any.whl (57 kB)
Downloading keras-3.14.1-py3-none-any.whl (1.6 MB)
   ---------------------------------------- 1.6/1.6 MB 34.2 MB/s  0:00:00
Downloading libclang-18.1.1-py2.py3-none-win_amd64.whl (26.4 MB)
   ---------------------------------------- 26.4/26.4 MB 12.9 MB/s  0:00:02
Using cached matplotlib-3.10.9-cp313-cp313-win_amd64.whl (8.2 MB)
Using cached contourpy-1.3.3-cp313-cp313-win_amd64.whl (226 kB)
Using cached cycler-0.12.1-py3-none-any.whl (8.3 kB)
Using cached fonttools-4.63.0-cp313-cp313-win_amd64.whl (2.3 MB)
Using cached kiwisolver-1.5.0-cp313-cp313-win_amd64.whl (73 kB)
Using cached numpy-2.4.6-cp313-cp313-win_amd64.whl (12.3 MB)
Using cached opencv_python-4.13.0.92-cp37-abi3-win_amd64.whl (40.2 MB)
Downloading opt_einsum-3.4.0-py3-none-any.whl (71 kB)
Using cached packaging-26.2-py3-none-any.whl (100 kB)
Using cached pillow-12.2.0-cp313-cp313-win_amd64.whl (7.1 MB)
Using cached polars-1.41.2-py3-none-any.whl (833 kB)
Using cached polars_runtime_32-1.41.2-cp310-abi3-win_amd64.whl (52.0 MB)
Using cached psutil-7.2.2-cp37-abi3-win_amd64.whl (137 kB)
Using cached pyparsing-3.3.2-py3-none-any.whl (122 kB)
Using cached python_dateutil-2.9.0.post0-py2.py3-none-any.whl (229 kB)
Using cached pyyaml-6.0.3-cp313-cp313-win_amd64.whl (154 kB)
Using cached scipy-1.17.1-cp313-cp313-win_amd64.whl (36.5 MB)
Downloading termcolor-3.3.0-py3-none-any.whl (7.7 kB)
Using cached torch-2.12.0-cp313-cp313-win_amd64.whl (123.0 MB)
Using cached setuptools-81.0.0-py3-none-any.whl (1.1 MB)
Using cached fsspec-2026.4.0-py3-none-any.whl (203 kB)
Using cached networkx-3.6.1-py3-none-any.whl (2.1 MB)
Using cached sympy-1.14.0-py3-none-any.whl (6.3 MB)
Using cached mpmath-1.3.0-py3-none-any.whl (536 kB)
Using cached torchvision-0.27.0-cp313-cp313-win_amd64.whl (4.1 MB)
Using cached ultralytics_thop-2.0.19-py3-none-any.whl (28 kB)
Downloading wrapt-2.2.1-cp313-cp313-win_amd64.whl (80 kB)
Using cached filelock-3.29.0-py3-none-any.whl (39 kB)
Using cached jinja2-3.1.6-py3-none-any.whl (134 kB)
Using cached markupsafe-3.0.3-cp313-cp313-win_amd64.whl (15 kB)
Downloading namex-0.1.0-py3-none-any.whl (5.9 kB)
Downloading optree-0.19.1-cp313-cp313-win_amd64.whl (343 kB)
Using cached rich-15.0.0-py3-none-any.whl (310 kB)
Downloading pygments-2.20.0-py3-none-any.whl (1.2 MB)
   ---------------------------------------- 1.2/1.2 MB 26.2 MB/s  0:00:00
Using cached markdown_it_py-4.2.0-py3-none-any.whl (91 kB)
Using cached mdurl-0.1.2-py3-none-any.whl (10.0 kB)
Installing collected packages: namex, mpmath, libclang, flatbuffers, wrapt, urllib3, typing_extensions, termcolor, sympy, six, setuptools, pyyaml, pyparsing, pygments, psutil, protobuf, polars-runtime-32, pillow, packaging, opt_einsum, numpy, networkx, mdurl, MarkupSafe, kiwisolver, idna, gast, fsspec, fonttools, filelock, cycler, charset_normalizer, certifi, absl-py, wheel, scipy, requests, python-dateutil, polars, optree, opencv-python, onnxruntime, ml_dtypes, markdown-it-py, jinja2, h5py, grpcio, google_pasta, contourpy, torch, rich, onnx, matplotlib, astunparse, ultralytics-thop, torchvision, keras, ultralytics, tensorflow

Successfully installed MarkupSafe-3.0.3 absl-py-2.4.0 astunparse-1.6.3 certifi-2026.5.20 charset_normalizer-3.4.7 contourpy-1.3.3 cycler-0.12.1 filelock-3.29.0 flatbuffers-25.12.19 fonttools-4.63.0 fsspec-2026.4.0 gast-0.7.0 google_pasta-0.2.0 grpcio-1.81.0 h5py-3.14.0 idna-3.18 jinja2-3.1.6 keras-3.14.1 kiwisolver-1.5.0 libclang-18.1.1 markdown-it-py-4.2.0 matplotlib-3.10.9 mdurl-0.1.2 ml_dtypes-0.5.4 mpmath-1.3.0 namex-0.1.0 networkx-3.6.1 numpy-2.4.6 onnx-1.21.0 onnxruntime-1.26.0 opencv-python-4.13.0.92 opt_einsum-3.4.0 optree-0.19.1 packaging-26.2 pillow-12.2.0 polars-1.41.2 polars-runtime-32-1.41.2 protobuf-7.35.0 psutil-7.2.2 pygments-2.20.0 pyparsing-3.3.2 python-dateutil-2.9.0.post0 pyyaml-6.0.3 requests-2.34.2 rich-15.0.0 scipy-1.17.1 setuptools-81.0.0 six-1.17.0 sympy-1.14.0 tensorflow-2.21.0 termcolor-3.3.0 torch-2.12.0 torchvision-0.27.0 typing_extensions-4.15.0 ultralytics-8.4.60 ultralytics-thop-2.0.19 urllib3-2.7.0 wheel-0.47.0 wrapt-2.2.1
